// Jest Snapshot v1, https://goo.gl/fbAQLP

exports[`Storyshots Example/List Basic List One 1`] = `
<div
  className="MuiPaper-root MuiPaper-elevation1 MuiPaper-rounded"
>
  <div
    className="MuiList-root MuiList-padding"
  >
    <div
      style={
        Object {
          "overflow": "visible",
          "width": 0,
        }
      }
    >
      <div
        style={
          Object {
            "height": 400,
            "overflow": "hidden",
            "position": "relative",
            "width": 0,
          }
        }
      >
        <div
          style={
            Object {
              "WebkitOverflowScrolling": "touch",
              "bottom": 0,
              "left": 0,
              "marginBottom": 0,
              "marginRight": 0,
              "overflow": "scroll",
              "position": "absolute",
              "right": 0,
              "top": 0,
            }
          }
        >
          <div
            aria-label="grid"
            aria-readonly={true}
            className="ReactVirtualized__Grid ReactVirtualized__List"
            onScroll={[Function]}
            role="grid"
            style={
              Object {
                "WebkitOverflowScrolling": "touch",
                "boxSizing": "border-box",
                "direction": "ltr",
                "height": 400,
                "overflowX": false,
                "overflowY": false,
                "position": "relative",
                "width": 0,
                "willChange": "transform",
              }
            }
            tabIndex={0}
          />
        </div>
        <div
          style={
            Object {
              "borderRadius": 3,
              "bottom": 2,
              "display": "none",
              "height": 6,
              "left": 2,
              "opacity": 0,
              "position": "absolute",
              "right": 2,
              "transition": "opacity 200ms",
            }
          }
        >
          <div
            style={
              Object {
                "backgroundColor": "rgba(0,0,0,.2)",
                "borderRadius": "inherit",
                "cursor": "pointer",
                "display": "block",
                "height": "100%",
                "position": "relative",
              }
            }
          />
        </div>
        <div
          style={
            Object {
              "borderRadius": 3,
              "bottom": 2,
              "display": "none",
              "opacity": 0,
              "position": "absolute",
              "right": 2,
              "top": 2,
              "transition": "opacity 200ms",
              "width": 6,
            }
          }
        >
          <div
            style={
              Object {
                "backgroundColor": "rgba(0,0,0,.2)",
                "borderRadius": "inherit",
                "cursor": "pointer",
                "display": "block",
                "position": "relative",
                "width": "100%",
              }
            }
          />
        </div>
      </div>
    </div>
  </div>
</div>
`;

exports[`Storyshots Example/Table Basic 1`] = `null`;

exports[`Storyshots Example/Table Order 1`] = `null`;

exports[`Storyshots Example/Table Search 1`] = `null`;
